2026-09-04 00:05:25.642 [main] INFO  o.b.c.core.camera.MotionDetector - Frame de referencia inicial establecido para detección de movimiento.
2026-09-04 00:05:25.671 [main] INFO  o.b.c.core.camera.MotionDetector - Movimiento detectado: área=25534.0 px, regiones=1
2026-09-04 00:05:25.736 [main] INFO  o.b.c.core.camera.MotionDetector - Frame de referencia inicial establecido para detección de movimiento.
2026-09-04 00:05:25.758 [main] INFO  o.b.c.core.camera.MotionDetector - Frame de referencia inicial establecido para detección de movimiento.
2026-09-04 00:05:25.763 [main] INFO  o.b.c.core.camera.MotionDetector - Movimiento detectado: área=25534.0 px, regiones=1
2026-09-04 00:05:25.783 [main] INFO  o.b.c.core.camera.MotionDetector - Frame de referencia inicial establecido para detección de movimiento.
2026-09-04 00:07:11.013 [JavaFX Application Thread] INFO  org.bdev.camarasec.MainApp - Iniciando CamaraSec...
2026-09-04 00:07:11.250 [JavaFX Application Thread] INFO  o.bdev.camarasec.ui.MainController - MainController inicializado
2026-09-04 00:07:11.261 [JavaFX Application Thread] INFO  o.b.c.core.config.ConfigManager - Configuración cargada desde classpath: application.properties
2026-09-04 00:07:12.247 [RTSP-Capture-Thread] INFO  o.b.c.core.camera.CameraConnector - Iniciando conexión RTSP hacia la cámara...
2026-09-04 00:07:14.939 [RTSP-Capture-Thread] INFO  o.b.c.core.camera.CameraConnector - Conexión RTSP establecida. Resolución: 1920x1080, Formato: rtsp
2026-09-04 00:07:15.306 [RTSP-Capture-Thread] INFO  o.b.c.core.camera.MotionDetector - Frame de referencia inicial establecido para detección de movimiento.
2026-09-04 00:07:39.602 [RTSP-Capture-Thread] INFO  o.b.c.core.camera.MotionDetector - Movimiento detectado: área=2201.0 px, regiones=2
2026-09-04 00:07:39.603 [RTSP-Capture-Thread] INFO  o.bdev.camarasec.ui.MainController - ¡Movimiento detectado! Área: 2201.0 px, Regiones: 2
2026-09-04 00:14:57.259 [main] INFO  o.b.c.core.camera.MotionDetector - Frame de referencia inicial establecido para detección de movimiento.
2026-09-04 00:14:57.263 [main] INFO  o.b.c.core.camera.MotionDetector - Movimiento detectado: área=25534.0 px, regiones=1
2026-09-04 00:14:57.286 [main] INFO  o.b.c.core.camera.MotionDetector - Frame de referencia inicial establecido para detección de movimiento.
2026-09-04 00:14:57.297 [main] INFO  o.b.c.core.camera.MotionDetector - Frame de referencia inicial establecido para detección de movimiento.
2026-09-04 00:14:57.301 [main] INFO  o.b.c.core.camera.MotionDetector - Movimiento detectado: área=25534.0 px, regiones=1
2026-09-04 00:14:57.317 [main] INFO  o.b.c.core.camera.MotionDetector - Frame de referencia inicial establecido para detección de movimiento.
2026-09-04 00:14:57.406 [main] INFO  o.b.c.core.recorder.ClipRecorder - Carpeta de clips creada: /tmp/junit10872433015619184298/test_clips
2026-09-04 00:14:57.410 [main] INFO  o.b.c.core.recorder.ClipRecorder - Clip antiguo eliminado por política de retención: clip_20200101_000000.mp4
2026-09-04 00:14:57.411 [main] INFO  o.b.c.core.recorder.ClipRecorder - Limpieza de retención completada: 1 clips eliminados.
2026-09-04 00:14:57.425 [main] INFO  o.b.c.core.recorder.ClipRecorder - Carpeta de clips creada: /tmp/junit11987072820152323936/test_clips
2026-09-04 00:14:57.427 [main] INFO  o.b.c.core.recorder.ClipRecorder - Iniciando grabación de clip: /tmp/junit11987072820152323936/test_clips/clip_20260904_001457.mp4
2026-09-04 00:14:57.753 [main] INFO  o.b.c.core.recorder.ClipRecorder - Clip grabado exitosamente: clip_20260904_001457.mp4 (1336 bytes)
2026-09-04 00:15:40.040 [JavaFX Application Thread] INFO  org.bdev.camarasec.MainApp - Iniciando CamaraSec...
2026-09-04 00:15:40.607 [JavaFX Application Thread] INFO  o.bdev.camarasec.ui.MainController - MainController inicializado
2026-09-04 00:15:40.619 [JavaFX Application Thread] INFO  o.b.c.core.config.ConfigManager - Configuración cargada desde classpath: application.properties
2026-09-04 00:15:40.625 [JavaFX Application Thread] INFO  o.b.c.core.recorder.ClipRecorder - Carpeta de clips creada: /home/brunof/Proyectos/camarasec/clips
2026-09-04 00:15:42.504 [RTSP-Capture-Thread] INFO  o.b.c.core.camera.CameraConnector - Iniciando conexión RTSP hacia la cámara...
2026-09-04 00:15:45.327 [RTSP-Capture-Thread] INFO  o.b.c.core.camera.CameraConnector - Conexión RTSP establecida. Resolución: 1920x1080, Formato: rtsp
2026-09-04 00:15:45.594 [RTSP-Capture-Thread] INFO  o.b.c.core.camera.MotionDetector - Frame de referencia inicial establecido para detección de movimiento.
2026-09-04 00:15:57.116 [JavaFX Application Thread] INFO  org.bdev.camarasec.MainApp - Cerrando aplicación...
2026-09-04 00:15:57.116 [JavaFX Application Thread] INFO  o.bdev.camarasec.ui.MainController - Apagando MainController...
2026-09-04 00:15:57.179 [JavaFX Application Thread] INFO  o.b.c.core.camera.CameraConnector - Deteniendo grabber de cámara RTSP...
2026-09-04 00:15:57.181 [JavaFX Application Thread] INFO  o.b.c.core.camera.CameraConnector - Grabber detenido.
2026-09-04 00:15:57.181 [RTSP-Capture-Thread] INFO  o.bdev.camarasec.ui.MainController - Hilo de captura finalizado.
2026-09-04 00:16:29.075 [JavaFX Application Thread] INFO  org.bdev.camarasec.MainApp - Iniciando CamaraSec...
2026-09-04 00:16:29.307 [JavaFX Application Thread] INFO  o.bdev.camarasec.ui.MainController - MainController inicializado
2026-09-04 00:16:29.316 [JavaFX Application Thread] INFO  o.b.c.core.config.ConfigManager - Configuración cargada desde classpath: application.properties
2026-09-04 00:16:30.348 [RTSP-Capture-Thread] INFO  o.b.c.core.camera.CameraConnector - Iniciando conexión RTSP hacia la cámara...
2026-09-04 00:16:33.032 [RTSP-Capture-Thread] INFO  o.b.c.core.camera.CameraConnector - Conexión RTSP establecida. Resolución: 1920x1080, Formato: rtsp
2026-09-04 00:16:33.226 [RTSP-Capture-Thread] INFO  o.b.c.core.camera.MotionDetector - Frame de referencia inicial establecido para detección de movimiento.
2026-09-04 00:16:52.171 [RTSP-Capture-Thread] INFO  o.b.c.core.camera.MotionDetector - Movimiento detectado: área=50099.5 px, regiones=27
2026-09-04 00:16:52.172 [RTSP-Capture-Thread] INFO  o.bdev.camarasec.ui.MainController - ¡Movimiento detectado! Área: 50099.5 px, Regiones: 27
2026-09-04 00:16:52.173 [RTSP-Capture-Thread] INFO  o.b.c.core.recorder.ClipRecorder - Iniciando grabación de clip: /home/brunof/Proyectos/camarasec/clips/clip_20260904_001652.mp4
2026-09-04 00:16:57.199 [RTSP-Capture-Thread] INFO  o.b.c.core.camera.MotionDetector - Movimiento detectado: área=64920.5 px, regiones=34
2026-09-04 00:16:57.199 [RTSP-Capture-Thread] INFO  o.bdev.camarasec.ui.MainController - ¡Movimiento detectado! Área: 64920.5 px, Regiones: 34
2026-09-04 00:17:02.222 [RTSP-Capture-Thread] INFO  o.b.c.core.camera.MotionDetector - Movimiento detectado: área=135748.0 px, regiones=13
2026-09-04 00:17:02.223 [RTSP-Capture-Thread] INFO  o.bdev.camarasec.ui.MainController - ¡Movimiento detectado! Área: 135748.0 px, Regiones: 13
2026-09-04 00:17:07.429 [RTSP-Capture-Thread] INFO  o.b.c.core.camera.MotionDetector - Movimiento detectado: área=136467.5 px, regiones=13
2026-09-04 00:17:07.429 [RTSP-Capture-Thread] INFO  o.bdev.camarasec.ui.MainController - ¡Movimiento detectado! Área: 136467.5 px, Regiones: 13
2026-09-04 00:17:12.491 [RTSP-Capture-Thread] INFO  o.b.c.core.camera.MotionDetector - Movimiento detectado: área=136310.5 px, regiones=13
2026-09-04 00:17:12.491 [RTSP-Capture-Thread] INFO  o.bdev.camarasec.ui.MainController - ¡Movimiento detectado! Área: 136310.5 px, Regiones: 13
2026-09-04 00:17:17.743 [RTSP-Capture-Thread] INFO  o.b.c.core.camera.MotionDetector - Movimiento detectado: área=136562.5 px, regiones=13
2026-09-04 00:17:17.744 [RTSP-Capture-Thread] INFO  o.bdev.camarasec.ui.MainController - ¡Movimiento detectado! Área: 136562.5 px, Regiones: 13
2026-09-04 00:17:22.747 [JavaFX Application Thread] INFO  org.bdev.camarasec.MainApp - Cerrando aplicación...
2026-09-04 00:17:22.747 [JavaFX Application Thread] INFO  o.bdev.camarasec.ui.MainController - Apagando MainController...
2026-09-04 00:17:22.749 [JavaFX Application Thread] INFO  o.b.c.core.recorder.ClipRecorder - Clip grabado exitosamente: clip_20260904_001652.mp4 (746590 bytes)
2026-09-04 00:17:22.750 [JavaFX Application Thread] INFO  o.bdev.camarasec.ui.MainController - Nuevo clip guardado: /home/brunof/Proyectos/camarasec/clips/clip_20260904_001652.mp4
2026-09-04 00:17:22.813 [JavaFX Application Thread] INFO  o.b.c.core.camera.CameraConnector - Deteniendo grabber de cámara RTSP...
2026-09-04 00:17:22.819 [JavaFX Application Thread] INFO  o.b.c.core.camera.CameraConnector - Grabber detenido.
2026-09-04 00:18:27.812 [JavaFX Application Thread] INFO  org.bdev.camarasec.MainApp - Iniciando CamaraSec...
2026-09-04 00:18:28.063 [JavaFX Application Thread] INFO  o.bdev.camarasec.ui.MainController - MainController inicializado
2026-09-04 00:18:28.071 [JavaFX Application Thread] INFO  o.b.c.core.config.ConfigManager - Configuración cargada desde classpath: application.properties
2026-09-04 00:18:29.166 [RTSP-Capture-Thread] INFO  o.b.c.core.camera.CameraConnector - Iniciando conexión RTSP hacia la cámara...
2026-09-04 00:18:31.886 [RTSP-Capture-Thread] INFO  o.b.c.core.camera.CameraConnector - Conexión RTSP establecida. Resolución: 1920x1080, Formato: rtsp
2026-09-04 00:18:32.056 [RTSP-Capture-Thread] INFO  o.b.c.core.camera.MotionDetector - Frame de referencia inicial establecido para detección de movimiento.
2026-09-04 00:18:35.397 [RTSP-Capture-Thread] INFO  o.b.c.core.camera.MotionDetector - Movimiento detectado: área=69573.0 px, regiones=34
2026-09-04 00:18:35.398 [RTSP-Capture-Thread] INFO  o.bdev.camarasec.ui.MainController - ¡Movimiento detectado! Área: 69573.0 px, Regiones: 34
2026-09-04 00:18:35.399 [RTSP-Capture-Thread] INFO  o.b.c.core.recorder.ClipRecorder - Iniciando grabación de clip: /home/brunof/Proyectos/camarasec/clips/clip_20260904_001835.mp4
2026-09-04 00:18:40.681 [RTSP-Capture-Thread] INFO  o.b.c.core.camera.MotionDetector - Movimiento detectado: área=122024.5 px, regiones=17
2026-09-04 00:18:40.681 [RTSP-Capture-Thread] INFO  o.bdev.camarasec.ui.MainController - ¡Movimiento detectado! Área: 122024.5 px, Regiones: 17
2026-09-04 00:18:45.875 [RTSP-Capture-Thread] INFO  o.b.c.core.camera.MotionDetector - Movimiento detectado: área=121873.0 px, regiones=17
2026-09-04 00:18:45.876 [RTSP-Capture-Thread] INFO  o.bdev.camarasec.ui.MainController - ¡Movimiento detectado! Área: 121873.0 px, Regiones: 17
2026-09-04 00:18:50.876 [RTSP-Capture-Thread] INFO  o.b.c.core.camera.MotionDetector - Movimiento detectado: área=121598.5 px, regiones=17
2026-09-04 00:18:50.876 [RTSP-Capture-Thread] INFO  o.bdev.camarasec.ui.MainController - ¡Movimiento detectado! Área: 121598.5 px, Regiones: 17
2026-09-04 00:18:55.909 [RTSP-Capture-Thread] INFO  o.b.c.core.camera.MotionDetector - Movimiento detectado: área=122225.5 px, regiones=17
2026-09-04 00:18:55.910 [RTSP-Capture-Thread] INFO  o.bdev.camarasec.ui.MainController - ¡Movimiento detectado! Área: 122225.5 px, Regiones: 17
2026-09-04 00:19:01.105 [RTSP-Capture-Thread] INFO  o.b.c.core.camera.MotionDetector - Movimiento detectado: área=121883.5 px, regiones=17
2026-09-04 00:19:01.106 [RTSP-Capture-Thread] INFO  o.bdev.camarasec.ui.MainController - ¡Movimiento detectado! Área: 121883.5 px, Regiones: 17
2026-09-04 00:19:02.131 [JavaFX Application Thread] INFO  org.bdev.camarasec.MainApp - Cerrando aplicación...
2026-09-04 00:19:02.132 [JavaFX Application Thread] INFO  o.bdev.camarasec.ui.MainController - Apagando MainController...
2026-09-04 00:19:02.135 [JavaFX Application Thread] INFO  o.b.c.core.recorder.ClipRecorder - Clip grabado exitosamente: clip_20260904_001835.mp4 (644418 bytes)
2026-09-04 00:19:02.135 [JavaFX Application Thread] INFO  o.bdev.camarasec.ui.MainController - Nuevo clip guardado: /home/brunof/Proyectos/camarasec/clips/clip_20260904_001835.mp4
2026-09-04 00:19:02.137 [JavaFX Application Thread] INFO  o.b.c.core.camera.CameraConnector - Deteniendo grabber de cámara RTSP...
2026-09-04 00:19:02.138 [JavaFX Application Thread] INFO  o.b.c.core.camera.CameraConnector - Grabber detenido.
2026-09-04 00:19:02.138 [RTSP-Capture-Thread] INFO  o.bdev.camarasec.ui.MainController - Hilo de captura finalizado.
2026-09-04 00:24:34.622 [main] INFO  o.b.c.core.camera.MotionDetector - Frame de referencia inicial establecido para detección de movimiento.
2026-09-04 00:24:34.627 [main] INFO  o.b.c.core.camera.MotionDetector - Movimiento detectado: área=25534.0 px, regiones=1
2026-09-04 00:24:34.658 [main] INFO  o.b.c.core.camera.MotionDetector - Frame de referencia inicial establecido para detección de movimiento.
2026-09-04 00:24:34.672 [main] INFO  o.b.c.core.camera.MotionDetector - Frame de referencia inicial establecido para detección de movimiento.
2026-09-04 00:24:34.676 [main] INFO  o.b.c.core.camera.MotionDetector - Movimiento detectado: área=25534.0 px, regiones=1
2026-09-04 00:24:34.688 [main] INFO  o.b.c.core.camera.MotionDetector - Frame de referencia inicial establecido para detección de movimiento.
2026-09-04 00:24:34.765 [main] INFO  o.b.c.core.recorder.ClipRecorder - Carpeta de clips creada: /tmp/junit5592885732371149793/test_clips
2026-09-04 00:24:34.766 [main] INFO  o.b.c.core.recorder.ClipRecorder - Clip antiguo eliminado por política de retención: clip_20200101_000000.mp4
2026-09-04 00:24:34.766 [main] INFO  o.b.c.core.recorder.ClipRecorder - Limpieza de retención completada: 1 clips eliminados.
2026-09-04 00:24:34.798 [main] INFO  o.b.c.core.recorder.ClipRecorder - Carpeta de clips creada: /tmp/junit6031911397142245331/test_clips
2026-09-04 00:24:34.802 [main] INFO  o.b.c.core.recorder.ClipRecorder - Iniciando grabación de clip: /tmp/junit6031911397142245331/test_clips/clip_20260904_002434.mp4
2026-09-04 00:24:35.065 [main] INFO  o.b.c.core.recorder.ClipRecorder - Clip grabado exitosamente: clip_20260904_002434.mp4 (1336 bytes)
2026-09-04 00:27:15.681 [JavaFX Application Thread] INFO  org.bdev.camarasec.MainApp - Iniciando CamaraSec...
2026-09-04 00:27:16.615 [JavaFX Application Thread] INFO  o.bdev.camarasec.ui.MainController - MainController inicializado
2026-09-04 00:27:16.639 [JavaFX Application Thread] INFO  o.b.c.core.config.ConfigManager - Configuración cargada desde classpath: application.properties
2026-09-04 00:27:19.344 [RTSP-Capture-Thread] INFO  o.b.c.core.camera.CameraConnector - Iniciando conexión RTSP hacia la cámara...
2026-09-04 00:27:22.557 [RTSP-Capture-Thread] INFO  o.b.c.core.camera.CameraConnector - Conexión RTSP establecida. Resolución: 1920x1080, Formato: rtsp
2026-09-04 00:27:23.231 [RTSP-Capture-Thread] INFO  o.b.c.core.camera.MotionDetector - Frame de referencia inicial establecido para detección de movimiento.
2026-09-04 00:27:25.784 [JavaFX Application Thread] INFO  o.bdev.camarasec.ui.MainController - Inicio manual de grabación solicitado por usuario.
2026-09-04 00:27:25.785 [JavaFX Application Thread] INFO  o.b.c.core.recorder.ClipRecorder - Iniciando grabación de clip: /home/brunof/Proyectos/camarasec/clips/clip_20260904_002725.mp4
2026-09-04 00:27:29.581 [JavaFX Application Thread] INFO  o.bdev.camarasec.ui.MainController - Detención manual de grabación solicitada por usuario.
2026-09-04 00:27:29.584 [JavaFX Application Thread] INFO  o.b.c.core.recorder.ClipRecorder - Clip grabado exitosamente: clip_20260904_002725.mp4 (133448 bytes)
2026-09-04 00:27:29.585 [JavaFX Application Thread] INFO  o.bdev.camarasec.ui.MainController - Nuevo clip guardado: /home/brunof/Proyectos/camarasec/clips/clip_20260904_002725.mp4
2026-09-04 00:27:36.446 [JavaFX Application Thread] INFO  org.bdev.camarasec.MainApp - Cerrando aplicación...
2026-09-04 00:27:36.446 [JavaFX Application Thread] INFO  o.bdev.camarasec.ui.MainController - Apagando MainController...
2026-09-04 00:27:36.449 [JavaFX Application Thread] INFO  o.b.c.core.camera.CameraConnector - Deteniendo grabber de cámara RTSP...
2026-09-04 00:27:36.450 [JavaFX Application Thread] INFO  o.b.c.core.camera.CameraConnector - Grabber detenido.
2026-09-04 00:27:36.450 [RTSP-Capture-Thread] INFO  o.bdev.camarasec.ui.MainController - Hilo de captura finalizado.
2026-09-04 00:39:42.814 [JavaFX Application Thread] INFO  org.bdev.camarasec.MainApp - Iniciando CamaraSec...
2026-09-04 00:39:43.476 [JavaFX Application Thread] INFO  o.bdev.camarasec.ui.MainController - MainController inicializado
2026-09-04 00:39:43.492 [JavaFX Application Thread] INFO  o.b.c.core.config.ConfigManager - Configuración cargada desde classpath: application.properties
2026-09-04 00:39:46.198 [RTSP-Capture-Thread] INFO  o.b.c.core.camera.CameraConnector - Iniciando conexión RTSP hacia la cámara...
2026-09-04 00:39:49.805 [RTSP-Capture-Thread] INFO  o.b.c.core.camera.CameraConnector - Conexión RTSP establecida. Resolución: 1920x1080, Formato: rtsp
2026-09-04 00:39:50.187 [RTSP-Capture-Thread] INFO  o.b.c.core.camera.MotionDetector - Frame de referencia inicial establecido para detección de movimiento.
2026-09-04 00:39:59.149 [JavaFX Application Thread] INFO  org.bdev.camarasec.MainApp - Cerrando aplicación...
2026-09-04 00:39:59.157 [JavaFX Application Thread] INFO  o.bdev.camarasec.ui.MainController - Apagando MainController...
2026-09-04 00:39:59.171 [JavaFX Application Thread] INFO  o.b.c.core.camera.CameraConnector - Deteniendo grabber de cámara RTSP...
2026-09-04 00:39:59.180 [JavaFX Application Thread] INFO  o.b.c.core.camera.CameraConnector - Grabber detenido.
2026-09-04 00:39:59.180 [RTSP-Capture-Thread] INFO  o.bdev.camarasec.ui.MainController - Hilo de captura finalizado.
2026-09-04 00:42:09.504 [main] INFO  o.b.c.core.camera.MotionDetector - Frame de referencia inicial establecido para detección de movimiento.
2026-09-04 00:42:09.517 [main] INFO  o.b.c.core.camera.MotionDetector - Movimiento detectado: área=25534.0 px, regiones=1
2026-09-04 00:42:09.571 [main] INFO  o.b.c.core.camera.MotionDetector - Frame de referencia inicial establecido para detección de movimiento.
2026-09-04 00:42:09.606 [main] INFO  o.b.c.core.camera.MotionDetector - Frame de referencia inicial establecido para detección de movimiento.
2026-09-04 00:42:09.614 [main] INFO  o.b.c.core.camera.MotionDetector - Movimiento detectado: área=25534.0 px, regiones=1
2026-09-04 00:42:09.643 [main] INFO  o.b.c.core.camera.MotionDetector - Frame de referencia inicial establecido para detección de movimiento.
2026-09-04 00:42:09.808 [main] INFO  o.b.c.core.recorder.ClipRecorder - Carpeta de clips creada: /tmp/junit1428890935755693150/test_clips
2026-09-04 00:42:09.812 [main] INFO  o.b.c.core.recorder.ClipRecorder - Clip antiguo eliminado por política de retención: clip_20200101_000000.mp4
2026-09-04 00:42:09.816 [main] INFO  o.b.c.core.recorder.ClipRecorder - Limpieza de retención completada: 1 clips eliminados.
2026-09-04 00:42:09.875 [main] INFO  o.b.c.core.recorder.ClipRecorder - Carpeta de clips creada: /tmp/junit15181770662266514327/test_clips
2026-09-04 00:42:09.884 [main] INFO  o.b.c.core.recorder.ClipRecorder - Iniciando grabación de clip: /tmp/junit15181770662266514327/test_clips/clip_20260904_004209.mp4
2026-09-04 00:42:10.474 [main] INFO  o.b.c.core.recorder.ClipRecorder - Clip grabado exitosamente: clip_20260904_004209.mp4 (1336 bytes)
2026-09-04 00:42:11.368 [main] INFO  o.b.c.c.n.TelegramNotifier - Subiendo clip a Telegram: test_clip.mp4 (0 KB)...
2026-09-04 00:42:11.651 [main] INFO  o.b.c.c.n.TelegramNotifier - Clip enviado exitosamente a Telegram: test_clip.mp4
2026-09-04 00:42:11.695 [main] INFO  o.b.c.c.n.TelegramNotifier - Mensaje enviado a Telegram correctamente.
2026-09-04 00:42:11.708 [main] WARN  o.b.c.c.n.TelegramNotifier - Telegram no configurado (token o chat_id faltante). Mensaje no enviado.
2026-09-04 00:42:11.712 [main] WARN  o.b.c.c.n.TelegramNotifier - Telegram no configurado (token o chat_id faltante). Clip no enviado.
2026-09-04 00:45:49.686 [JavaFX Application Thread] INFO  org.bdev.camarasec.MainApp - Iniciando CamaraSec...
2026-09-04 00:45:49.976 [JavaFX Application Thread] INFO  o.bdev.camarasec.ui.MainController - MainController inicializado
2026-09-04 00:45:49.985 [JavaFX Application Thread] INFO  o.b.c.core.config.ConfigManager - Configuración cargada desde classpath: application.properties
2026-09-04 00:45:50.259 [JavaFX Application Thread] INFO  o.bdev.camarasec.ui.MainController - TelegramNotifier configurado y listo.
2026-09-04 00:45:51.371 [RTSP-Capture-Thread] INFO  o.b.c.core.camera.CameraConnector - Iniciando conexión RTSP hacia la cámara...
2026-09-04 00:45:54.118 [RTSP-Capture-Thread] INFO  o.b.c.core.camera.CameraConnector - Conexión RTSP establecida. Resolución: 1920x1080, Formato: rtsp
2026-09-04 00:45:54.284 [RTSP-Capture-Thread] INFO  o.b.c.core.camera.MotionDetector - Frame de referencia inicial establecido para detección de movimiento.
2026-09-04 00:45:58.752 [JavaFX Application Thread] INFO  o.bdev.camarasec.ui.MainController - Inicio manual de grabación solicitado por usuario.
2026-09-04 00:45:58.752 [JavaFX Application Thread] INFO  o.b.c.core.recorder.ClipRecorder - Iniciando grabación de clip: /home/brunof/Proyectos/camarasec/clips/clip_20260904_004558.mp4
2026-09-04 00:46:02.600 [JavaFX Application Thread] INFO  o.bdev.camarasec.ui.MainController - Detención manual de grabación solicitada por usuario.
2026-09-04 00:46:02.604 [JavaFX Application Thread] INFO  o.b.c.core.recorder.ClipRecorder - Clip grabado exitosamente: clip_20260904_004558.mp4 (140432 bytes)
2026-09-04 00:46:02.605 [JavaFX Application Thread] INFO  o.bdev.camarasec.ui.MainController - Nuevo clip guardado: /home/brunof/Proyectos/camarasec/clips/clip_20260904_004558.mp4
2026-09-04 00:46:02.638 [ForkJoinPool.commonPool-worker-1] INFO  o.b.c.c.n.TelegramNotifier - Subiendo clip a Telegram: clip_20260904_004558.mp4 (137 KB)...
2026-09-04 00:46:05.640 [ForkJoinPool.commonPool-worker-1] INFO  o.b.c.c.n.TelegramNotifier - Clip enviado exitosamente a Telegram: clip_20260904_004558.mp4
2026-09-04 00:46:32.993 [JavaFX Application Thread] INFO  org.bdev.camarasec.MainApp - Cerrando aplicación...
2026-09-04 00:46:32.993 [JavaFX Application Thread] INFO  o.bdev.camarasec.ui.MainController - Apagando MainController...
2026-09-04 00:46:33.013 [JavaFX Application Thread] INFO  o.b.c.core.camera.CameraConnector - Deteniendo grabber de cámara RTSP...
2026-09-04 00:46:33.015 [JavaFX Application Thread] INFO  o.b.c.core.camera.CameraConnector - Grabber detenido.
2026-09-04 00:46:33.016 [RTSP-Capture-Thread] INFO  o.bdev.camarasec.ui.MainController - Hilo de captura finalizado.
2026-09-04 00:52:13.570 [main] INFO  o.b.c.core.camera.MotionDetector - Frame de referencia inicial establecido para detección de movimiento.
2026-09-04 00:52:13.578 [main] INFO  o.b.c.core.camera.MotionDetector - Movimiento detectado: área=25534.0 px, regiones=1
2026-09-04 00:52:13.626 [main] INFO  o.b.c.core.camera.MotionDetector - Frame de referencia inicial establecido para detección de movimiento.
2026-09-04 00:52:13.642 [main] INFO  o.b.c.core.camera.MotionDetector - Frame de referencia inicial establecido para detección de movimiento.
2026-09-04 00:52:13.647 [main] INFO  o.b.c.core.camera.MotionDetector - Movimiento detectado: área=25534.0 px, regiones=1
2026-09-04 00:52:13.660 [main] INFO  o.b.c.core.camera.MotionDetector - Frame de referencia inicial establecido para detección de movimiento.
2026-09-04 00:52:13.757 [main] INFO  o.b.c.core.recorder.ClipRecorder - Carpeta de clips creada: /tmp/junit14475573311135802756/test_clips
2026-09-04 00:52:13.759 [main] INFO  o.b.c.core.recorder.ClipRecorder - Clip antiguo eliminado por política de retención: clip_20200101_000000.mp4
2026-09-04 00:52:13.760 [main] INFO  o.b.c.core.recorder.ClipRecorder - Limpieza de retención completada: 1 clips eliminados.
2026-09-04 00:52:13.779 [main] INFO  o.b.c.core.recorder.ClipRecorder - Carpeta de clips creada: /tmp/junit16782866503779062435/test_clips
2026-09-04 00:52:13.781 [main] INFO  o.b.c.core.recorder.ClipRecorder - Iniciando grabación de clip: /tmp/junit16782866503779062435/test_clips/clip_20260904_005213.mp4
2026-09-04 00:52:14.337 [main] INFO  o.b.c.core.recorder.ClipRecorder - Clip grabado exitosamente: clip_20260904_005213.mp4 (1336 bytes)
2026-09-04 00:52:14.427 [main] INFO  o.b.c.core.config.ConfigManager - Configuración guardada exitosamente en /tmp/junit17543048397168373096/test-schedule.properties
2026-09-04 00:52:14.428 [main] INFO  o.b.c.core.config.ConfigManager - Configuración cargada desde archivo personalizado: /tmp/junit17543048397168373096/test-schedule.properties
2026-09-04 00:52:14.430 [main] INFO  o.b.c.core.config.ConfigManager - Configuración guardada exitosamente en /tmp/junit17543048397168373096/test-schedule.properties
2026-09-04 00:52:14.432 [main] INFO  o.b.c.core.config.ConfigManager - Configuración cargada desde archivo personalizado: /tmp/junit17543048397168373096/test-schedule.properties
2026-09-04 00:52:14.470 [main] INFO  o.b.c.core.config.ConfigManager - Configuración guardada exitosamente en /tmp/junit522758094576702433/test-application.properties
2026-09-04 00:52:14.471 [main] INFO  o.b.c.core.config.ConfigManager - Configuración cargada desde archivo personalizado: /tmp/junit522758094576702433/test-application.properties
2026-09-04 00:52:15.193 [main] INFO  o.b.c.c.n.TelegramNotifier - Subiendo clip a Telegram: test_clip.mp4 (0 KB)...
2026-09-04 00:52:15.427 [main] INFO  o.b.c.c.n.TelegramNotifier - Clip enviado exitosamente a Telegram: test_clip.mp4
2026-09-04 00:52:15.504 [main] INFO  o.b.c.c.n.TelegramNotifier - Mensaje enviado a Telegram correctamente.
2026-09-04 00:52:15.536 [main] WARN  o.b.c.c.n.TelegramNotifier - Telegram no configurado (token o chat_id faltante). Mensaje no enviado.
2026-09-04 00:52:15.537 [main] WARN  o.b.c.c.n.TelegramNotifier - Telegram no configurado (token o chat_id faltante). Clip no enviado.
2026-09-04 00:53:13.695 [JavaFX Application Thread] INFO  org.bdev.camarasec.MainApp - Iniciando CamaraSec...
2026-09-04 00:53:14.000 [JavaFX Application Thread] INFO  o.bdev.camarasec.ui.MainController - MainController inicializado
2026-09-04 00:53:14.009 [JavaFX Application Thread] INFO  o.b.c.core.config.ConfigManager - Configuración cargada desde classpath: application.properties
2026-09-04 00:53:14.011 [JavaFX Application Thread] INFO  o.b.c.core.config.ConfigManager - Configuración cargada desde entorno dev: /home/brunof/Proyectos/camarasec/src/main/resources/application.properties
2026-09-04 00:53:14.286 [JavaFX Application Thread] INFO  o.bdev.camarasec.ui.MainController - TelegramNotifier configurado y listo.
2026-09-04 00:53:15.365 [RTSP-Capture-Thread] INFO  o.b.c.core.camera.CameraConnector - Iniciando conexión RTSP hacia la cámara...
2026-09-04 00:53:18.032 [RTSP-Capture-Thread] INFO  o.b.c.core.camera.CameraConnector - Conexión RTSP establecida. Resolución: 1920x1080, Formato: rtsp
2026-09-04 00:53:18.255 [RTSP-Capture-Thread] INFO  o.b.c.core.camera.MotionDetector - Frame de referencia inicial establecido para detección de movimiento.
2026-09-04 00:53:34.448 [JavaFX Application Thread] INFO  o.bdev.camarasec.ui.MainController - Inicio manual de grabación solicitado por usuario.
2026-09-04 00:53:34.449 [JavaFX Application Thread] INFO  o.b.c.core.recorder.ClipRecorder - Iniciando grabación de clip: /home/brunof/Proyectos/camarasec/clips/clip_20260904_005334.mp4
2026-09-04 00:53:37.960 [JavaFX Application Thread] INFO  o.bdev.camarasec.ui.MainController - Detención manual de grabación solicitada por usuario.
2026-09-04 00:53:37.962 [JavaFX Application Thread] INFO  o.b.c.core.recorder.ClipRecorder - Clip grabado exitosamente: clip_20260904_005334.mp4 (134766 bytes)
2026-09-04 00:53:37.962 [JavaFX Application Thread] INFO  o.bdev.camarasec.ui.MainController - Nuevo clip guardado: /home/brunof/Proyectos/camarasec/clips/clip_20260904_005334.mp4
2026-09-04 00:53:38.001 [ForkJoinPool.commonPool-worker-1] INFO  o.b.c.c.n.TelegramNotifier - Subiendo clip a Telegram: clip_20260904_005334.mp4 (131 KB)...
2026-09-04 00:53:45.808 [ForkJoinPool.commonPool-worker-1] INFO  o.b.c.c.n.TelegramNotifier - Clip enviado exitosamente a Telegram: clip_20260904_005334.mp4
2026-09-04 00:54:19.850 [JavaFX Application Thread] INFO  o.b.c.core.config.ConfigManager - Configuración guardada exitosamente en /home/brunof/Proyectos/camarasec/src/main/resources/application.properties
2026-09-04 00:54:19.851 [JavaFX Application Thread] INFO  o.b.camarasec.ui.SettingsController - Configuración guardada satisfactoriamente.
2026-09-04 00:54:19.851 [JavaFX Application Thread] INFO  o.bdev.camarasec.ui.MainController - Aplicando configuración en caliente...
2026-09-04 00:54:19.851 [JavaFX Application Thread] INFO  o.bdev.camarasec.ui.MainController - Parámetros de MotionDetector actualizados: minArea=500.0, cooldown=5s, sampleRate=3
2026-09-04 00:54:19.851 [JavaFX Application Thread] INFO  o.bdev.camarasec.ui.MainController - Parámetros de ClipRecorder actualizados: duration=15s, retention=15d
2026-09-04 00:54:19.852 [JavaFX Application Thread] INFO  o.bdev.camarasec.ui.MainController - TelegramNotifier actualizado. Configurado: true
2026-09-04 00:54:54.632 [JavaFX Application Thread] INFO  org.bdev.camarasec.MainApp - Cerrando aplicación...
2026-09-04 00:54:54.633 [JavaFX Application Thread] INFO  o.bdev.camarasec.ui.MainController - Apagando MainController...
2026-09-04 00:54:54.655 [JavaFX Application Thread] INFO  o.b.c.core.camera.CameraConnector - Deteniendo grabber de cámara RTSP...
2026-09-04 00:54:54.657 [JavaFX Application Thread] INFO  o.b.c.core.camera.CameraConnector - Grabber detenido.
2026-09-04 00:54:54.658 [RTSP-Capture-Thread] INFO  o.bdev.camarasec.ui.MainController - Hilo de captura finalizado.
2026-09-04 01:09:36.724 [main] INFO  o.b.c.core.camera.MotionDetector - Frame de referencia inicial establecido para detección de movimiento.
2026-09-04 01:09:36.731 [main] INFO  o.b.c.core.camera.MotionDetector - Movimiento detectado: área=25534.0 px, regiones=1
2026-09-04 01:09:36.776 [main] INFO  o.b.c.core.camera.MotionDetector - Frame de referencia inicial establecido para detección de movimiento.
2026-09-04 01:09:36.789 [main] INFO  o.b.c.core.camera.MotionDetector - Frame de referencia inicial establecido para detección de movimiento.
2026-09-04 01:09:36.794 [main] INFO  o.b.c.core.camera.MotionDetector - Movimiento detectado: área=25534.0 px, regiones=1
2026-09-04 01:09:36.811 [main] INFO  o.b.c.core.camera.MotionDetector - Frame de referencia inicial establecido para detección de movimiento.
2026-09-04 01:09:36.967 [main] INFO  o.b.c.core.recorder.ClipRecorder - Carpeta de clips creada: /tmp/junit13395479868042886380/test_clips
2026-09-04 01:09:36.971 [main] INFO  o.b.c.core.recorder.ClipRecorder - Clip antiguo eliminado por política de retención: clip_20200101_000000.mp4
2026-09-04 01:09:36.974 [main] INFO  o.b.c.core.recorder.ClipRecorder - Limpieza de retención completada: 1 clips eliminados.
2026-09-04 01:09:37.027 [main] INFO  o.b.c.core.recorder.ClipRecorder - Carpeta de clips creada: /tmp/junit8542434810959278968/test_clips
2026-09-04 01:09:37.039 [main] INFO  o.b.c.core.recorder.ClipRecorder - Iniciando grabación de clip: /tmp/junit8542434810959278968/test_clips/clip_20260904_010937.mp4
2026-09-04 01:09:37.763 [main] INFO  o.b.c.core.recorder.ClipRecorder - Clip grabado exitosamente: clip_20260904_010937.mp4 (1336 bytes)
2026-09-04 01:09:38.022 [main] INFO  o.b.c.core.config.ConfigManager - Configuración guardada exitosamente en /tmp/junit10129973002237311150/test-schedule.properties
2026-09-04 01:09:38.027 [main] INFO  o.b.c.core.config.ConfigManager - Configuración cargada desde archivo personalizado: /tmp/junit10129973002237311150/test-schedule.properties
2026-09-04 01:09:38.035 [main] INFO  o.b.c.core.config.ConfigManager - Configuración guardada exitosamente en /tmp/junit10129973002237311150/test-schedule.properties
2026-09-04 01:09:38.040 [main] INFO  o.b.c.core.config.ConfigManager - Configuración cargada desde archivo personalizado: /tmp/junit10129973002237311150/test-schedule.properties
2026-09-04 01:09:38.072 [main] INFO  o.b.c.core.config.ConfigManager - Configuración guardada exitosamente en /tmp/junit8642327195101354353/test-application.properties
2026-09-04 01:09:38.077 [main] INFO  o.b.c.core.config.ConfigManager - Configuración cargada desde archivo personalizado: /tmp/junit8642327195101354353/test-application.properties
2026-09-04 01:09:38.884 [main] INFO  o.b.c.c.n.TelegramNotifier - Subiendo clip a Telegram: test_clip.mp4 (0 KB)...
2026-09-04 01:09:39.356 [main] INFO  o.b.c.c.n.TelegramNotifier - Clip enviado exitosamente a Telegram: test_clip.mp4
2026-09-04 01:09:39.407 [main] INFO  o.b.c.c.n.TelegramNotifier - Mensaje enviado a Telegram correctamente.
2026-09-04 01:09:39.420 [main] WARN  o.b.c.c.n.TelegramNotifier - Telegram no configurado (token o chat_id faltante). Mensaje no enviado.
2026-09-04 01:09:39.421 [main] WARN  o.b.c.c.n.TelegramNotifier - Telegram no configurado (token o chat_id faltante). Clip no enviado.
2026-09-04 01:10:41.842 [JavaFX Application Thread] INFO  org.bdev.camarasec.MainApp - Iniciando CamaraSec...
2026-09-04 01:10:42.279 [JavaFX Application Thread] INFO  o.bdev.camarasec.ui.MainController - MainController inicializado
2026-09-04 01:10:42.296 [JavaFX Application Thread] INFO  o.b.c.core.config.ConfigManager - Configuración cargada desde classpath: application.properties
2026-09-04 01:10:42.298 [JavaFX Application Thread] INFO  o.b.c.core.config.ConfigManager - Configuración cargada desde entorno dev: /home/brunof/Proyectos/camarasec/src/main/resources/application.properties
2026-09-04 01:10:42.546 [JavaFX Application Thread] INFO  o.bdev.camarasec.ui.MainController - TelegramNotifier configurado y listo.
2026-09-04 01:10:43.694 [RTSP-Capture-Thread] INFO  o.b.c.core.camera.CameraConnector - Iniciando conexión RTSP hacia la cámara...
2026-09-04 01:10:46.442 [RTSP-Capture-Thread] INFO  o.b.c.core.camera.CameraConnector - Conexión RTSP establecida. Resolución: 1920x1080, Formato: rtsp
2026-09-04 01:10:46.638 [RTSP-Capture-Thread] INFO  o.b.c.core.camera.MotionDetector - Frame de referencia inicial establecido para detección de movimiento.
2026-09-04 01:10:51.542 [ForkJoinPool.commonPool-worker-1] WARN  o.b.c.core.ptz.EzvizPtzService - Excepción al enviar comando PTZ LEFT: null
2026-09-04 01:10:51.557 [ForkJoinPool.commonPool-worker-1] WARN  o.b.c.core.ptz.EzvizPtzService - Excepción al enviar comando PTZ STOP: null
2026-09-04 01:10:57.030 [ForkJoinPool.commonPool-worker-1] WARN  o.b.c.core.ptz.EzvizPtzService - Excepción al enviar comando PTZ LEFT: null
2026-09-04 01:10:57.775 [ForkJoinPool.commonPool-worker-1] WARN  o.b.c.core.ptz.EzvizPtzService - Excepción al enviar comando PTZ STOP: null
2026-09-04 01:11:04.475 [ForkJoinPool.commonPool-worker-1] WARN  o.b.c.core.ptz.EzvizPtzService - Excepción al enviar comando PTZ LEFT: null
2026-09-04 01:11:04.564 [ForkJoinPool.commonPool-worker-1] WARN  o.b.c.core.ptz.EzvizPtzService - Excepción al enviar comando PTZ STOP: null
2026-09-04 01:11:13.857 [JavaFX Application Thread] INFO  o.bdev.camarasec.ui.MainController - Inicio manual de grabación solicitado por usuario.
2026-09-04 01:11:13.858 [JavaFX Application Thread] INFO  o.b.c.core.recorder.ClipRecorder - Iniciando grabación de clip: /home/brunof/Proyectos/camarasec/clips/clip_20260904_011113.mp4
2026-09-04 01:11:13.896 [RTSP-Capture-Thread] INFO  o.b.c.core.recorder.ClipRecorder - Volcando 75 fotogramas previos (pre-roll) al clip...
2026-09-04 01:11:21.153 [JavaFX Application Thread] INFO  o.bdev.camarasec.ui.MainController - Detención manual de grabación solicitada por usuario.
2026-09-04 01:11:21.154 [JavaFX Application Thread] INFO  o.b.c.core.recorder.ClipRecorder - Clip grabado exitosamente: clip_20260904_011113.mp4 (325206 bytes)
2026-09-04 01:11:21.154 [JavaFX Application Thread] INFO  o.bdev.camarasec.ui.MainController - Nuevo clip guardado: /home/brunof/Proyectos/camarasec/clips/clip_20260904_011113.mp4
2026-09-04 01:11:21.164 [ForkJoinPool.commonPool-worker-1] INFO  o.b.c.c.n.TelegramNotifier - Subiendo clip a Telegram: clip_20260904_011113.mp4 (317 KB)...
2026-09-04 01:11:24.255 [ForkJoinPool.commonPool-worker-1] INFO  o.b.c.c.n.TelegramNotifier - Clip enviado exitosamente a Telegram: clip_20260904_011113.mp4
2026-09-04 01:11:35.626 [JavaFX Application Thread] INFO  org.bdev.camarasec.MainApp - Cerrando aplicación...
2026-09-04 01:11:35.627 [JavaFX Application Thread] INFO  o.bdev.camarasec.ui.MainController - Apagando MainController...
2026-09-04 01:11:35.698 [JavaFX Application Thread] INFO  o.b.c.core.camera.CameraConnector - Deteniendo grabber de cámara RTSP...
2026-09-04 01:11:35.704 [JavaFX Application Thread] INFO  o.b.c.core.camera.CameraConnector - Grabber detenido.
2026-09-04 01:12:17.182 [JavaFX Application Thread] INFO  org.bdev.camarasec.MainApp - Iniciando CamaraSec...
2026-09-04 01:12:17.482 [JavaFX Application Thread] INFO  o.bdev.camarasec.ui.MainController - MainController inicializado
2026-09-04 01:12:17.489 [JavaFX Application Thread] INFO  o.b.c.core.config.ConfigManager - Configuración cargada desde classpath: application.properties
2026-09-04 01:12:17.492 [JavaFX Application Thread] INFO  o.b.c.core.config.ConfigManager - Configuración cargada desde entorno dev: /home/brunof/Proyectos/camarasec/src/main/resources/application.properties
2026-09-04 01:12:17.729 [JavaFX Application Thread] INFO  o.bdev.camarasec.ui.MainController - TelegramNotifier configurado y listo.
2026-09-04 01:12:18.697 [RTSP-Capture-Thread] INFO  o.b.c.core.camera.CameraConnector - Iniciando conexión RTSP hacia la cámara...
2026-09-04 01:12:21.379 [RTSP-Capture-Thread] INFO  o.b.c.core.camera.CameraConnector - Conexión RTSP establecida. Resolución: 1920x1080, Formato: rtsp
2026-09-04 01:12:21.572 [RTSP-Capture-Thread] INFO  o.b.c.core.camera.MotionDetector - Frame de referencia inicial establecido para detección de movimiento.
2026-09-04 01:12:33.041 [JavaFX Application Thread] INFO  o.b.c.core.config.ConfigManager - Configuración guardada exitosamente en /home/brunof/Proyectos/camarasec/src/main/resources/application.properties
2026-09-04 01:12:33.041 [JavaFX Application Thread] INFO  o.b.camarasec.ui.SettingsController - Configuración guardada satisfactoriamente.
2026-09-04 01:12:33.041 [JavaFX Application Thread] INFO  o.bdev.camarasec.ui.MainController - Aplicando configuración en caliente...
2026-09-04 01:12:33.042 [JavaFX Application Thread] INFO  o.bdev.camarasec.ui.MainController - Parámetros de MotionDetector actualizados: minArea=500.0, cooldown=5s, sampleRate=3
2026-09-04 01:12:33.042 [JavaFX Application Thread] INFO  o.b.c.core.recorder.ClipRecorder - Directorio de almacenamiento de clips actualizado a: /home/brunof/Vídeos/CamaraSec
2026-09-04 01:12:33.042 [JavaFX Application Thread] INFO  o.b.c.core.recorder.ClipRecorder - Segundos de pre-roll actualizados a: 3s (capacidad: 75 frames)
2026-09-04 01:12:33.042 [JavaFX Application Thread] INFO  o.bdev.camarasec.ui.MainController - Parámetros de ClipRecorder actualizados: duration=15s, retention=15d, dir=/home/brunof/Vídeos/CamaraSec, preRoll=3s
2026-09-04 01:12:33.043 [JavaFX Application Thread] INFO  o.bdev.camarasec.ui.MainController - TelegramNotifier actualizado. Configurado: true
2026-09-04 01:12:33.044 [JavaFX Application Thread] INFO  o.bdev.camarasec.ui.MainController - Servicio PTZ actualizado. Habilitado: true, Host: 192.168.1.100
2026-09-04 01:12:37.487 [ForkJoinPool.commonPool-worker-1] WARN  o.b.c.core.ptz.EzvizPtzService - Excepción al enviar comando PTZ LEFT: null
2026-09-04 01:12:38.110 [ForkJoinPool.commonPool-worker-1] WARN  o.b.c.core.ptz.EzvizPtzService - Excepción al enviar comando PTZ STOP: null
2026-09-04 01:12:43.712 [JavaFX Application Thread] INFO  o.bdev.camarasec.ui.MainController - Inicio manual de grabación solicitado por usuario.
2026-09-04 01:12:43.713 [JavaFX Application Thread] INFO  o.b.c.core.recorder.ClipRecorder - Iniciando grabación de clip: /home/brunof/Vídeos/CamaraSec/clip_20260904_011243.mp4
2026-09-04 01:12:43.778 [RTSP-Capture-Thread] INFO  o.b.c.core.recorder.ClipRecorder - Volcando 75 fotogramas previos (pre-roll) al clip...
2026-09-04 01:12:50.514 [JavaFX Application Thread] INFO  o.bdev.camarasec.ui.MainController - Detención manual de grabación solicitada por usuario.
2026-09-04 01:12:50.545 [JavaFX Application Thread] INFO  o.b.c.core.recorder.ClipRecorder - Clip grabado exitosamente: clip_20260904_011243.mp4 (319686 bytes)
2026-09-04 01:12:50.546 [JavaFX Application Thread] INFO  o.bdev.camarasec.ui.MainController - Nuevo clip guardado: /home/brunof/Vídeos/CamaraSec/clip_20260904_011243.mp4
2026-09-04 01:12:50.555 [ForkJoinPool.commonPool-worker-1] INFO  o.b.c.c.n.TelegramNotifier - Subiendo clip a Telegram: clip_20260904_011243.mp4 (312 KB)...
2026-09-04 01:12:54.839 [ForkJoinPool.commonPool-worker-1] INFO  o.b.c.c.n.TelegramNotifier - Clip enviado exitosamente a Telegram: clip_20260904_011243.mp4
2026-09-04 01:12:56.089 [JavaFX Application Thread] INFO  org.bdev.camarasec.MainApp - Cerrando aplicación...
2026-09-04 01:12:56.089 [JavaFX Application Thread] INFO  o.bdev.camarasec.ui.MainController - Apagando MainController...
2026-09-04 01:12:56.126 [JavaFX Application Thread] INFO  o.b.c.core.camera.CameraConnector - Deteniendo grabber de cámara RTSP...
2026-09-04 01:12:56.137 [JavaFX Application Thread] INFO  o.b.c.core.camera.CameraConnector - Grabber detenido.
2026-09-04 01:18:46.596 [main] INFO  o.b.c.core.camera.MotionDetector - Frame de referencia inicial establecido para detección de movimiento.
2026-09-04 01:18:46.601 [main] INFO  o.b.c.core.camera.MotionDetector - Movimiento detectado: área=25534.0 px, regiones=1
2026-09-04 01:18:46.625 [main] INFO  o.b.c.core.camera.MotionDetector - Frame de referencia inicial establecido para detección de movimiento.
2026-09-04 01:18:46.636 [main] INFO  o.b.c.core.camera.MotionDetector - Frame de referencia inicial establecido para detección de movimiento.
2026-09-04 01:18:46.641 [main] INFO  o.b.c.core.camera.MotionDetector - Movimiento detectado: área=25534.0 px, regiones=1
2026-09-04 01:18:46.652 [main] INFO  o.b.c.core.camera.MotionDetector - Frame de referencia inicial establecido para detección de movimiento.
2026-09-04 01:18:46.747 [main] INFO  o.b.c.core.recorder.ClipRecorder - Carpeta de clips creada: /tmp/junit14727405334764490103/test_clips
2026-09-04 01:18:46.751 [main] INFO  o.b.c.core.recorder.ClipRecorder - Clip antiguo eliminado por política de retención: clip_20200101_000000.mp4
2026-09-04 01:18:46.752 [main] INFO  o.b.c.core.recorder.ClipRecorder - Limpieza de retención completada: 1 clips eliminados.
2026-09-04 01:18:46.776 [main] INFO  o.b.c.core.recorder.ClipRecorder - Carpeta de clips creada: /tmp/junit11589123812195257694/test_clips
2026-09-04 01:18:46.781 [main] INFO  o.b.c.core.recorder.ClipRecorder - Iniciando grabación de clip: /tmp/junit11589123812195257694/test_clips/clip_20260904_011846.mp4
2026-09-04 01:18:47.087 [main] INFO  o.b.c.core.recorder.ClipRecorder - Clip grabado exitosamente: clip_20260904_011846.mp4 (1336 bytes)
2026-09-04 01:18:47.265 [main] INFO  o.b.c.core.config.ConfigManager - Configuración guardada exitosamente en /tmp/junit7207640162014953306/test-schedule.properties
2026-09-04 01:18:47.268 [main] INFO  o.b.c.core.config.ConfigManager - Configuración cargada desde archivo personalizado: /tmp/junit7207640162014953306/test-schedule.properties
2026-09-04 01:18:47.270 [main] INFO  o.b.c.core.config.ConfigManager - Configuración guardada exitosamente en /tmp/junit7207640162014953306/test-schedule.properties
2026-09-04 01:18:47.270 [main] INFO  o.b.c.core.config.ConfigManager - Configuración cargada desde archivo personalizado: /tmp/junit7207640162014953306/test-schedule.properties
2026-09-04 01:18:47.291 [main] INFO  o.b.c.core.config.ConfigManager - Configuración guardada exitosamente en /tmp/junit2045178978194704563/test-application.properties
2026-09-04 01:18:47.291 [main] INFO  o.b.c.core.config.ConfigManager - Configuración cargada desde archivo personalizado: /tmp/junit2045178978194704563/test-application.properties
2026-09-04 01:18:47.664 [main] INFO  o.b.c.c.n.TelegramNotifier - Subiendo clip a Telegram: test_clip.mp4 (0 KB)...
2026-09-04 01:18:47.840 [main] INFO  o.b.c.c.n.TelegramNotifier - Clip enviado exitosamente a Telegram: test_clip.mp4
2026-09-04 01:18:47.895 [main] INFO  o.b.c.c.n.TelegramNotifier - Mensaje enviado a Telegram correctamente.
2026-09-04 01:18:47.923 [main] WARN  o.b.c.c.n.TelegramNotifier - Telegram no configurado (token o chat_id faltante). Mensaje no enviado.
2026-09-04 01:18:47.923 [main] WARN  o.b.c.c.n.TelegramNotifier - Telegram no configurado (token o chat_id faltante). Clip no enviado.
2026-09-04 01:19:30.454 [JavaFX Application Thread] INFO  org.bdev.camarasec.MainApp - Iniciando CamaraSec...
2026-09-04 01:19:30.770 [JavaFX Application Thread] INFO  o.bdev.camarasec.ui.MainController - MainController inicializado
2026-09-04 01:19:30.781 [JavaFX Application Thread] INFO  o.b.c.core.config.ConfigManager - Configuración cargada desde classpath: application.properties
2026-09-04 01:19:30.784 [JavaFX Application Thread] INFO  o.b.c.core.config.ConfigManager - Configuración cargada desde entorno dev: /home/brunof/Proyectos/camarasec/src/main/resources/application.properties
2026-09-04 01:19:31.053 [JavaFX Application Thread] INFO  o.bdev.camarasec.ui.MainController - TelegramNotifier configurado y listo.
2026-09-04 01:19:32.005 [RTSP-Capture-Thread] INFO  o.b.c.core.camera.CameraConnector - Iniciando conexión RTSP hacia la cámara...
2026-09-04 01:19:34.690 [RTSP-Capture-Thread] INFO  o.b.c.core.camera.CameraConnector - Conexión RTSP establecida. Resolución: 1920x1080, Formato: rtsp
2026-09-04 01:19:34.883 [RTSP-Capture-Thread] INFO  o.b.c.core.camera.MotionDetector - Frame de referencia inicial establecido para detección de movimiento.
2026-09-04 01:19:39.762 [JavaFX Application Thread] INFO  o.bdev.camarasec.ui.MainController - Usuario solicitó pausar/detener la transmisión.
2026-09-04 01:19:39.770 [JavaFX Application Thread] INFO  o.b.c.core.camera.CameraConnector - Deteniendo grabber de cámara RTSP...
2026-09-04 01:19:39.771 [JavaFX Application Thread] INFO  o.b.c.core.camera.CameraConnector - Grabber detenido.
2026-09-04 01:19:39.771 [JavaFX Application Thread] INFO  o.b.c.core.camera.MotionDetector - Frame de referencia reiniciado.
2026-09-04 01:19:43.017 [JavaFX Application Thread] INFO  o.bdev.camarasec.ui.MainController - Usuario solicitó reanudar/iniciar la transmisión.
2026-09-04 01:19:43.018 [RTSP-Capture-Thread] INFO  o.b.c.core.camera.CameraConnector - Iniciando conexión RTSP hacia la cámara...
2026-09-04 01:19:45.419 [RTSP-Capture-Thread] INFO  o.b.c.core.camera.CameraConnector - Conexión RTSP establecida. Resolución: 1920x1080, Formato: rtsp
2026-09-04 01:19:45.489 [RTSP-Capture-Thread] INFO  o.b.c.core.camera.MotionDetector - Frame de referencia inicial establecido para detección de movimiento.
2026-09-04 01:19:47.745 [JavaFX Application Thread] INFO  o.bdev.camarasec.ui.MainController - Inicio manual de grabación solicitado por usuario.
2026-09-04 01:19:47.746 [JavaFX Application Thread] INFO  o.b.c.core.recorder.ClipRecorder - Iniciando grabación de clip: /home/brunof/Vídeos/CamaraSec/clip_20260904_011947.mp4
2026-09-04 01:19:47.818 [RTSP-Capture-Thread] INFO  o.b.c.core.recorder.ClipRecorder - Volcando 75 fotogramas previos (pre-roll) al clip...
2026-09-04 01:19:53.657 [JavaFX Application Thread] INFO  o.bdev.camarasec.ui.MainController - Detención manual de grabación solicitada por usuario.
2026-09-04 01:19:53.658 [JavaFX Application Thread] INFO  o.b.c.core.recorder.ClipRecorder - Clip grabado exitosamente: clip_20260904_011947.mp4 (296342 bytes)
2026-09-04 01:19:53.658 [JavaFX Application Thread] INFO  o.bdev.camarasec.ui.MainController - Nuevo clip guardado: /home/brunof/Vídeos/CamaraSec/clip_20260904_011947.mp4
2026-09-04 01:19:53.683 [ForkJoinPool.commonPool-worker-1] INFO  o.b.c.c.n.TelegramNotifier - Subiendo clip a Telegram: clip_20260904_011947.mp4 (289 KB)...
2026-09-04 01:19:56.718 [ForkJoinPool.commonPool-worker-1] INFO  o.b.c.c.n.TelegramNotifier - Clip enviado exitosamente a Telegram: clip_20260904_011947.mp4
2026-09-04 01:20:22.442 [JavaFX Application Thread] INFO  o.bdev.camarasec.ui.MainController - Usuario solicitó pausar/detener la transmisión.
2026-09-04 01:20:22.480 [JavaFX Application Thread] INFO  o.b.c.core.camera.CameraConnector - Deteniendo grabber de cámara RTSP...
2026-09-04 01:20:22.485 [JavaFX Application Thread] INFO  o.b.c.core.camera.CameraConnector - Grabber detenido.
2026-09-04 01:20:22.485 [JavaFX Application Thread] INFO  o.b.c.core.camera.MotionDetector - Frame de referencia reiniciado.
2026-09-04 13:49:17.538 [JavaFX Application Thread] INFO  org.bdev.camarasec.MainApp - Iniciando CamaraSec...
2026-09-04 13:49:17.817 [JavaFX Application Thread] INFO  o.bdev.camarasec.ui.MainController - MainController inicializado
2026-09-04 13:49:17.826 [JavaFX Application Thread] INFO  o.b.c.core.config.ConfigManager - Configuración cargada desde classpath: application.properties
2026-09-04 13:49:17.828 [JavaFX Application Thread] INFO  o.b.c.core.config.ConfigManager - Configuración cargada desde entorno dev: /home/brunof/Proyectos/camarasec/src/main/resources/application.properties
2026-09-04 13:49:18.079 [JavaFX Application Thread] INFO  o.bdev.camarasec.ui.MainController - TelegramNotifier configurado y listo.
2026-09-04 13:49:19.016 [RTSP-Capture-Thread] INFO  o.b.c.core.camera.CameraConnector - Iniciando conexión RTSP hacia la cámara...
2026-09-04 13:49:21.585 [RTSP-Capture-Thread] INFO  o.b.c.core.camera.CameraConnector - Conexión RTSP establecida. Resolución: 1920x1080, Formato: rtsp
2026-09-04 13:49:21.762 [RTSP-Capture-Thread] INFO  o.b.c.core.camera.MotionDetector - Frame de referencia inicial establecido para detección de movimiento.
2026-09-04 13:49:55.888 [JavaFX Application Thread] INFO  o.bdev.camarasec.ui.MainController - Inicio manual de grabación solicitado por usuario.
2026-09-04 13:49:55.888 [JavaFX Application Thread] INFO  o.b.c.core.recorder.ClipRecorder - Iniciando grabación de clip: /home/brunof/Vídeos/CamaraSec/clip_20260904_134955.mp4
2026-09-04 13:49:55.952 [RTSP-Capture-Thread] INFO  o.b.c.core.recorder.ClipRecorder - Volcando 75 fotogramas previos (pre-roll) al clip...
2026-09-04 13:50:00.632 [JavaFX Application Thread] INFO  o.bdev.camarasec.ui.MainController - Detención manual de grabación solicitada por usuario.
2026-09-04 13:50:00.633 [JavaFX Application Thread] INFO  o.b.c.core.recorder.ClipRecorder - Clip grabado exitosamente: clip_20260904_134955.mp4 (344232 bytes)
2026-09-04 13:50:00.633 [JavaFX Application Thread] INFO  o.bdev.camarasec.ui.MainController - Nuevo clip guardado: /home/brunof/Vídeos/CamaraSec/clip_20260904_134955.mp4
2026-09-04 13:50:00.637 [JavaFX Application Thread] INFO  o.bdev.camarasec.ui.MainController - Clip no enviado a Telegram por encontrarse fuera del horario configurado.
2026-09-04 13:50:34.255 [JavaFX Application Thread] INFO  o.bdev.camarasec.ui.MainController - Inicio manual de grabación solicitado por usuario.
2026-09-04 13:50:34.256 [JavaFX Application Thread] INFO  o.b.c.core.recorder.ClipRecorder - Iniciando grabación de clip: /home/brunof/Vídeos/CamaraSec/clip_20260904_135034.mp4
2026-09-04 13:50:34.285 [RTSP-Capture-Thread] INFO  o.b.c.core.recorder.ClipRecorder - Volcando 75 fotogramas previos (pre-roll) al clip...
2026-09-04 13:50:39.343 [JavaFX Application Thread] INFO  o.bdev.camarasec.ui.MainController - Detención manual de grabación solicitada por usuario.
2026-09-04 13:50:39.362 [JavaFX Application Thread] INFO  o.b.c.core.recorder.ClipRecorder - Clip grabado exitosamente: clip_20260904_135034.mp4 (554542 bytes)
2026-09-04 13:50:39.363 [JavaFX Application Thread] INFO  o.bdev.camarasec.ui.MainController - Nuevo clip guardado: /home/brunof/Vídeos/CamaraSec/clip_20260904_135034.mp4
2026-09-04 13:50:39.383 [ForkJoinPool.commonPool-worker-1] INFO  o.b.c.c.n.TelegramNotifier - Subiendo clip a Telegram: clip_20260904_135034.mp4 (541 KB)...
2026-09-04 13:50:45.222 [ForkJoinPool.commonPool-worker-1] INFO  o.b.c.c.n.TelegramNotifier - Clip enviado exitosamente a Telegram: clip_20260904_135034.mp4
2026-09-04 13:51:43.231 [RTSP-Capture-Thread] INFO  o.b.c.core.camera.MotionDetector - Movimiento detectado: área=4414.0 px, regiones=2
2026-09-04 13:51:43.232 [RTSP-Capture-Thread] INFO  o.bdev.camarasec.ui.MainController - ¡Movimiento detectado! Área: 4414.0 px, Regiones: 2
2026-09-04 13:51:43.233 [RTSP-Capture-Thread] INFO  o.b.c.core.recorder.ClipRecorder - Iniciando grabación de clip: /home/brunof/Vídeos/CamaraSec/clip_20260904_135143.mp4
2026-09-04 13:51:43.235 [RTSP-Capture-Thread] INFO  o.b.c.core.recorder.ClipRecorder - Volcando 75 fotogramas previos (pre-roll) al clip...
2026-09-04 13:51:48.385 [RTSP-Capture-Thread] INFO  o.b.c.core.camera.MotionDetector - Movimiento detectado: área=8993.5 px, regiones=5
2026-09-04 13:51:48.385 [RTSP-Capture-Thread] INFO  o.bdev.camarasec.ui.MainController - ¡Movimiento detectado! Área: 8993.5 px, Regiones: 5
2026-09-04 13:52:03.432 [RTSP-Capture-Thread] INFO  o.b.c.core.recorder.ClipRecorder - Clip grabado exitosamente: clip_20260904_135143.mp4 (1026902 bytes)
2026-09-04 13:52:03.432 [RTSP-Capture-Thread] INFO  o.bdev.camarasec.ui.MainController - Nuevo clip guardado: /home/brunof/Vídeos/CamaraSec/clip_20260904_135143.mp4
2026-09-04 13:52:03.437 [ForkJoinPool.commonPool-worker-2] INFO  o.b.c.c.n.TelegramNotifier - Subiendo clip a Telegram: clip_20260904_135143.mp4 (1002 KB)...
2026-09-04 13:52:06.802 [ForkJoinPool.commonPool-worker-2] INFO  o.b.c.c.n.TelegramNotifier - Clip enviado exitosamente a Telegram: clip_20260904_135143.mp4
2026-09-04 13:52:28.945 [JavaFX Application Thread] INFO  o.bdev.camarasec.ui.MainController - Usuario solicitó pausar/detener la transmisión.
2026-09-04 13:52:29.004 [JavaFX Application Thread] INFO  o.b.c.core.camera.CameraConnector - Deteniendo grabber de cámara RTSP...
2026-09-04 13:52:29.006 [JavaFX Application Thread] INFO  o.b.c.core.camera.CameraConnector - Grabber detenido.
2026-09-04 13:52:29.007 [JavaFX Application Thread] INFO  o.b.c.core.camera.MotionDetector - Frame de referencia reiniciado.
